../Core/Src/main.c:97:13:I2C_WriteBuffer	24	static
../Core/Src/main.c:108:13:I2C_ReadBuffer	24	static
../Core/Src/main.c:122:14:MPU6050_Init	16	static
../Core/Src/main.c:158:14:MPU6050_GetAllData	40	static
../Core/Src/main.c:178:14:MPU6050_Calibrate	40	static
../Core/Src/main.c:209:7:HAL_SYSTICK_Callback	40	static
../Core/Src/main.c:259:7:MPU_ReadyData	8	static
../Core/Src/main.c:294:5:main	8	static
../Core/Src/main.c:377:6:SystemClock_Config	72	static
../Core/Src/main.c:416:13:MX_I2C2_Init	8	static
../Core/Src/main.c:450:13:MX_USART2_UART_Init	8	static
../Core/Src/main.c:483:13:MX_GPIO_Init	32	static
../Core/Src/main.c:531:6:Error_Handler	4	static,ignoring_inline_asm
